**********************
Windows PowerShell transcript start
Start time: 20231018133026
Username: PRANAVI\dvpsp
RunAs User: PRANAVI\dvpsp
Configuration Name: 
Machine: PRANAVI (Microsoft Windows NT 10.0.22621.0)
Host Application: C:\windows\System32\WindowsPowerShell\v1.0\powershell.exe -noexit -command try { . "c:\Users\dvpsp\Downloads\Microsoft VS Code\resources\app\out\vs\workbench\contrib\terminal\browser\media\shellIntegration.ps1" } catch {}
Process ID: 7128
PSVersion: 5.1.22621.2428
PSEdition: Desktop
PSCompatibleVersions: 1.0, 2.0, 3.0, 4.0, 5.0, 5.1.22621.2428
BuildVersion: 10.0.22621.2428
CLRVersion: 4.0.30319.42000
WSManStackVersion: 3.0
PSRemotingProtocolVersion: 2.3
SerializationVersion: 1.1.0.1
**********************
Transcript started, output file is c:\Users\dvpsp\github-classroom\FPC-advanced\fpc-advanced-classroom-1st-year-assignment-DvpsPranavi\set01\problem07_session.txt
PS C:\Users\dvpsp\github-classroom\FPC-advanced\fpc-advanced-classroom-1st-year-assignment-DvpsPranavi> gcc -g "c:\Users\dvpsp\github-classroom\FPC-advanced\fpc-advanced-classroom-1st-year-assignment-DvpsPranavi\set01\problem07.c" -o "c:\Users\dvpsp\github-classroom\FPC-advanced\fpc-advanced-classroom-1st-year-assignment-DvpsPranavi\set01\problem07.exe" 2>&1

PS C:\Users\dvpsp\github-classroom\FPC-advanced\fpc-advanced-classroom-1st-year-assignment-DvpsPranavi> "c:\Users\dvpsp\github-classroom\FPC-advanced\fpc-advanced-classroom-1st-year-assignment-DvpsPranavi\set01\problem07.exe"
c:\Users\dvpsp\github-classroom\FPC-advanced\fpc-advanced-classroom-1st-year-assignment-DvpsPranavi\set01\problem07.exe
PS C:\Users\dvpsp\github-classroom\FPC-advanced\fpc-advanced-classroom-1st-year-assignment-DvpsPranavi> git add .

PS C:\Users\dvpsp\github-classroom\FPC-advanced\fpc-advanced-classroom-1st-year-assignment-DvpsPranavi> git commit -m "committed 10/18/2023, 1:30:47 PM"

PS C:\Users\dvpsp\github-classroom\FPC-advanced\fpc-advanced-classroom-1st-year-assignment-DvpsPranavi> git push

PS C:\Users\dvpsp\github-classroom\FPC-advanced\fpc-advanced-classroom-1st-year-assignment-DvpsPranavi> Pgcc -g "c:\Users\dvpsp\github-classroom\FPC-advanced\fpc-advanced-classroom-1st-year-assignment-DvpsPranavi\set01\problem06.c" -o "c:\Users\dvpsp\github-classroom\FPC-advanced\fpc-advanced-classroom-1st-year-assignment-DvpsPranavi\set01\problem06.exe" 2>&1
Pgcc : The term 'Pgcc' is not recognized as the name of a cmdlet, function, script file, or operable program. Check the 
spelling of the name, or if a path was included, verify that the path is correct and try again.
At line:1 char:1
+ Pgcc -g "c:\Users\dvpsp\github-classroom\FPC-advanced\fpc-advanced-cl ...
+ ~~~~
    + CategoryInfo          : ObjectNotFound: (Pgcc:String) [], CommandNotFoundException
    + FullyQualifiedErrorId : CommandNotFoundException
Pgcc : The term 'Pgcc' is not recognized as the name of a cmdlet, function, script file, or operable program. Check the spelling of
the name, or if a path was included, verify that the path is correct and try again.
At line:1 char:1
+ Pgcc -g "c:\Users\dvpsp\github-classroom\FPC-advanced\fpc-advanced-cl ...
+ ~~~~
    + CategoryInfo          : ObjectNotFound: (Pgcc:String) [], CommandNotFoundException
    + FullyQualifiedErrorId : CommandNotFoundException

PS C:\Users\dvpsp\github-classroom\FPC-advanced\fpc-advanced-classroom-1st-year-assignment-DvpsPranavi> "c:\Users\dvpsp\github-classroom\FPC-advanced\fpc-advanced-classroom-1st-year-assignment-DvpsPranavi\set01\problem06.exe"
c:\Users\dvpsp\github-classroom\FPC-advanced\fpc-advanced-classroom-1st-year-assignment-DvpsPranavi\set01\problem06.exe
