**********************
Windows PowerShell transcript start
Start time: 20231017065742
Username: PRANAVI\dvpsp
RunAs User: PRANAVI\dvpsp
Configuration Name: 
Machine: PRANAVI (Microsoft Windows NT 10.0.22621.0)
Host Application: C:\windows\System32\WindowsPowerShell\v1.0\powershell.exe -noexit -command try { . "c:\Users\dvpsp\Downloads\Microsoft VS Code\resources\app\out\vs\workbench\contrib\terminal\browser\media\shellIntegration.ps1" } catch {}
Process ID: 14844
PSVersion: 5.1.22621.2428
PSEdition: Desktop
PSCompatibleVersions: 1.0, 2.0, 3.0, 4.0, 5.0, 5.1.22621.2428
BuildVersion: 10.0.22621.2428
CLRVersion: 4.0.30319.42000
WSManStackVersion: 3.0
PSRemotingProtocolVersion: 2.3
SerializationVersion: 1.1.0.1
**********************
Transcript started, output file is c:\Users\dvpsp\github-classroom\FPC-advanced\fpc-advanced-classroom-1st-year-assignment-DvpsPranavi\set01\problem03_session.txt
PS C:\Users\dvpsp\github-classroom\FPC-advanced\fpc-advanced-classroom-1st-year-assignment-DvpsPranavi> gcc problem07.c

PS C:\Users\dvpsp\github-classroom\FPC-advanced\fpc-advanced-classroom-1st-year-assignment-DvpsPranavi> gccC:\Users\dvpsp\github-classroom\FPC-advanced\fpc-advanced-classroom-1st-year-assignment-DvpsPranavi\set01\problem07.c
gccC:\Users\dvpsp\github-classroom\FPC-advanced\fpc-advanced-classroom-1st-year-assignment-DvpsPranavi\set01\problem07.c
 : The term 'gccC:\Users\dvpsp\github-classroom\FPC-advanced\fpc-advanced-classroom-1st-year-assignment-DvpsPranavi\set0
1\problem07.c' is not recognized as the name of a cmdlet, function, script file, or operable program. Check the 
spelling of the name, or if a path was included, verify that the path is correct and try again.
At line:1 char:1
+ gccC:\Users\dvpsp\github-classroom\FPC-advanced\fpc-advanced-classroo ...
+ ~~~~~~~~~~~~~~~~~~~~~~~~~~~~~~~~~~~~~~~~~~~~~~~~~~~~~~~~~~~~~~~~~~~~~
    + CategoryInfo          : ObjectNotFound: (gccC:\Users\dvp...t01\problem07.c:String) [], CommandNotFoundException
    + FullyQualifiedErrorId : CommandNotFoundException
gccC:\Users\dvpsp\github-classroom\FPC-advanced\fpc-advanced-classroom-1st-year-assignment-DvpsPranavi\set01\problem07.c : The term
'gccC:\Users\dvpsp\github-classroom\FPC-advanced\fpc-advanced-classroom-1st-year-assignment-DvpsPranavi\set01\problem07.c' is not
recognized as the name of a cmdlet, function, script file, or operable program. Check the spelling of the name, or if a path was
included, verify that the path is correct and try again.
At line:1 char:1
+ gccC:\Users\dvpsp\github-classroom\FPC-advanced\fpc-advanced-classroo ...
+ ~~~~~~~~~~~~~~~~~~~~~~~~~~~~~~~~~~~~~~~~~~~~~~~~~~~~~~~~~~~~~~~~~~~~~
    + CategoryInfo          : ObjectNotFound: (gccC:\Users\dvp...t01\problem07.c:String) [], CommandNotFoundException
    + FullyQualifiedErrorId : CommandNotFoundException

PS C:\Users\dvpsp\github-classroom\FPC-advanced\fpc-advanced-classroom-1st-year-assignment-DvpsPranavi> gcc C:\Users\dvpsp\github-classroom\FPC-advanced\fpc-advanced-classroom-1st-year-assignment-DvpsPranavi\set01\problem07.c

PS C:\Users\dvpsp\github-classroom\FPC-advanced\fpc-advanced-classroom-1st-year-assignment-DvpsPranavi> gcc -g "c:\Users\dvpsp\github-classroom\FPC-advanced\fpc-advanced-classroom-1st-year-assignment-DvpsPranavi\set01\problem07.c" -o "c:\Users\dvpsp\github-classroom\FPC-advanced\fpc-advanced-classroom-1st-year-assignment-DvpsPranavi\set01\problem07.exe" 2>&1
gcc : c:\Users\dvpsp\github-classroom\FPC-advanced\fpc-advanced-classroom-1st-year-assignment-DvpsPranavi\set01\problem07.c: In
function 'main':
At line:1 char:1
+ gcc -g "c:\Users\dvpsp\github-classroom\FPC-advanced\fpc-advanced-cla ...
+ ~~~~~~~~~~~~~~~~~~~~~~~~~~~~~~~~~~~~~~~~~~~~~~~~~~~~~~~~~~~~~~~~~~~~~
    + CategoryInfo          : NotSpecified: (c:\Users\dvpsp\...unction 'main'::String) [], RemoteException
    + FullyQualifiedErrorId : NativeCommandError

c:\Users\dvpsp\github-classroom\FPC-advanced\fpc-advanced-classroom-1st-year-assignment-DvpsPranavi\set01\problem07.c:9:7: warning:
implicit declaration of function 'input' [-Wimplicit-function-declaration]
     n=input();
       ^~~~~

PS C:\Users\dvpsp\github-classroom\FPC-advanced\fpc-advanced-classroom-1st-year-assignment-DvpsPranavi> c:\Users\dvpsp\github-classroom\FPC-advanced\fpc-advanced-classroom-1st-year-assignment-DvpsPranavi\set01\problem07.exe

PS C:\Users\dvpsp\github-classroom\FPC-advanced\fpc-advanced-classroom-1st-year-assignment-DvpsPranavi> gcc -g "c:\Users\dvpsp\github-classroom\FPC-advanced\fpc-advanced-classroom-1st-year-assignment-DvpsPranavi\set01\problem07.c" -o "c:\Users\dvpsp\github-classroom\FPC-advanced\fpc-advanced-classroom-1st-year-assignment-DvpsPranavi\set01\problem07.exe" 2>&1
gcc : c:\Users\dvpsp\github-classroom\FPC-advanced\fpc-advanced-classroom-1st-year-assignment-DvpsPranavi\set01\problem07.c: In
function 'main':
At line:1 char:1
+ gcc -g "c:\Users\dvpsp\github-classroom\FPC-advanced\fpc-advanced-cla ...
+ ~~~~~~~~~~~~~~~~~~~~~~~~~~~~~~~~~~~~~~~~~~~~~~~~~~~~~~~~~~~~~~~~~~~~~
    + CategoryInfo          : NotSpecified: (c:\Users\dvpsp\...unction 'main'::String) [], RemoteException
    + FullyQualifiedErrorId : NativeCommandError

c:\Users\dvpsp\github-classroom\FPC-advanced\fpc-advanced-classroom-1st-year-assignment-DvpsPranavi\set01\problem07.c:9:7: warning:
implicit declaration of function 'input' [-Wimplicit-function-declaration]
     n=input();
       ^~~~~

PS C:\Users\dvpsp\github-classroom\FPC-advanced\fpc-advanced-classroom-1st-year-assignment-DvpsPranavi> c:\Users\dvpsp\github-classroom\FPC-advanced\fpc-advanced-classroom-1st-year-assignment-DvpsPranavi\set01\problem07.exe

PS C:\Users\dvpsp\github-classroom\FPC-advanced\fpc-advanced-classroom-1st-year-assignment-DvpsPranavi> gcc -g "c:\Users\dvpsp\github-classroom\FPC-advanced\fpc-advanced-classroom-1st-year-assignment-DvpsPranavi\set01\problem07.c" -o "c:\Users\dvpsp\github-classroom\FPC-advanced\fpc-advanced-classroom-1st-year-assignment-DvpsPranavi\set01\problem07.exe" 2>&1
gcc : c:\Users\dvpsp\github-classroom\FPC-advanced\fpc-advanced-classroom-1st-year-assignment-DvpsPranavi\set01\problem07.c: In
function 'main':
At line:1 char:1
+ gcc -g "c:\Users\dvpsp\github-classroom\FPC-advanced\fpc-advanced-cla ...
+ ~~~~~~~~~~~~~~~~~~~~~~~~~~~~~~~~~~~~~~~~~~~~~~~~~~~~~~~~~~~~~~~~~~~~~
    + CategoryInfo          : NotSpecified: (c:\Users\dvpsp\...unction 'main'::String) [], RemoteException
    + FullyQualifiedErrorId : NativeCommandError

c:\Users\dvpsp\github-classroom\FPC-advanced\fpc-advanced-classroom-1st-year-assignment-DvpsPranavi\set01\problem07.c:10:7: warning:
implicit declaration of function 'input' [-Wimplicit-function-declaration]
     n=input();
       ^~~~~

PS C:\Users\dvpsp\github-classroom\FPC-advanced\fpc-advanced-classroom-1st-year-assignment-DvpsPranavi> c:\Users\dvpsp\github-classroom\FPC-advanced\fpc-advanced-classroom-1st-year-assignment-DvpsPranavi\set01\problem07.exe

PS C:\Users\dvpsp\github-classroom\FPC-advanced\fpc-advanced-classroom-1st-year-assignment-DvpsPranavi> c:\Users\dvpsp\github-classroom\FPC-advanced\fpc-advanced-classroom-1st-year-assignment-DvpsPranavi\set01\problem07.exe

PS C:\Users\dvpsp\github-classroom\FPC-advanced\fpc-advanced-classroom-1st-year-assignment-DvpsPranavi> gcc -g "c:\Users\dvpsp\github-classroom\FPC-advanced\fpc-advanced-classroom-1st-year-assignment-DvpsPranavi\set01\problem06.c" -o "c:\Users\dvpsp\github-classroom\FPC-advanced\fpc-advanced-classroom-1st-year-assignment-DvpsPranavi\set01\problem06.exe" 2>&1

PS C:\Users\dvpsp\github-classroom\FPC-advanced\fpc-advanced-classroom-1st-year-assignment-DvpsPranavi> c:\Users\dvpsp\github-classroom\FPC-advanced\fpc-advanced-classroom-1st-year-assignment-DvpsPranavi\set01\problem06.exe
6
PS C:\Users\dvpsp\github-classroom\FPC-advanced\fpc-advanced-classroom-1st-year-assignment-DvpsPranavi> Stop-Transcript
**********************
Windows PowerShell transcript end
End time: 20231017070742
**********************
